// Jest Snapshot v1, https://goo.gl/fbAQLP

exports[`renders correctly should renders correctly complaint tab view  1`] = `
<View
  accessibilityIgnoresInvertColors={true}
  style={
    Array [
      Object {
        "backgroundColor": "#00193d",
        "flexBasis": 0,
        "flexGrow": 1,
        "flexShrink": 1,
      },
    ]
  }
>
  <Image
    resizeMode="cover"
    source={
      Object {
        "testUri": "../../../src/assets/images/combined_shape.png",
      }
    }
    style={
      Array [
        Object {
          "bottom": 0,
          "left": 0,
          "position": "absolute",
          "right": 0,
          "top": 0,
        },
        Object {
          "height": undefined,
          "width": undefined,
        },
        undefined,
      ]
    }
  />
</View>
`;
